******************************************************************************
                  TI ARM Linker PC v16.9.3                     
******************************************************************************
>> Linked Wed Oct 03 17:01:07 2018

OUTPUT FILE NAME:   <lab4.out>
ENTRY POINT SYMBOL: "_c_int00"  address: 00003605


MEMORY CONFIGURATION

         name            origin    length      used     unused   attr    fill
----------------------  --------  ---------  --------  --------  ----  --------
  FLASH                 00000000   00040000  00003f68  0003c098  R  X
  SRAM                  20000000   00008000  0000069c  00007964  RW X


SEGMENT ALLOCATION MAP

run origin  load origin   length   init length attrs members
----------  ----------- ---------- ----------- ----- -------
00000000    00000000    00003f68   00003f68    r-x
  00000000    00000000    0000026c   0000026c    r-- .intvecs
  0000026c    0000026c    000038dc   000038dc    r-x .text
  00003b48    00003b48    00000378   00000378    r-- .const
  00003ec0    00003ec0    000000a8   000000a8    r-- .cinit
20000000    20000000    000006a0   00000000    rw-
  20000000    20000000    0000026c   00000000    rw- .vtable
  2000026c    2000026c    000001fc   00000000    rw- .data
  20000468    20000468    000001c8   00000000    rw- .bss
  20000630    20000630    00000064   00000000    rw- .stack
  20000698    20000698    00000008   00000000    rw- .sysmem


SECTION ALLOCATION MAP

 output                                  attributes/
section   page    origin      length       input sections
--------  ----  ----------  ----------   ----------------
.intvecs   0    00000000    0000026c     
                  00000000    0000026c     tm4c123gh6pm_startup_ccs.obj (.intvecs)

.text      0    0000026c    000038dc     
                  0000026c    0000113e     rtsv7M4_T_le_v4SPD16_eabi.lib : _printfi.obj (.text)
                  000013aa    00000002                                   : mpu_init.obj (.text)
                  000013ac    000003d0                                   : memory.obj (.text)
                  0000177c    00000324                                   : trgdrv.obj (.text)
                  00001aa0    0000030c                                   : lowlev.obj (.text)
                  00001dac    00000214     Lab4-T2.obj (.text)
                  00001fc0    000001f4     rtsv7M4_T_le_v4SPD16_eabi.lib : ull_div_t2.obj (.text)
                  000021b4    000001c4                                   : fopen.obj (.text)
                  00002378    000001b6                                   : fd_add_t2.obj (.text)
                  0000252e    00000136                                   : fd_div_t2.obj (.text)
                  00002664    00000134                                   : fputs.obj (.text)
                  00002798    00000132     driverlib.lib : gpio.obj (.text:GPIOPadConfigSet)
                  000028ca    00000002     rtsv7M4_T_le_v4SPD16_eabi.lib : startup.obj (.text)
                  000028cc    00000110     driverlib.lib : sysctl.obj (.text:SysCtlClockGet)
                  000029dc    000000fc     rtsv7M4_T_le_v4SPD16_eabi.lib : fd_mul_t2.obj (.text)
                  00002ad8    000000fc                                   : s_scalbn.obj (.text)
                  00002bd4    000000f4     driverlib.lib : sysctl.obj (.text:SysCtlClockSet)
                  00002cc8    000000dc     rtsv7M4_T_le_v4SPD16_eabi.lib : setvbuf.obj (.text)
                  00002da4    000000c8                                   : fflush.obj (.text)
                  00002e6c    000000ac                                   : _io_perm.obj (.text)
                  00002f18    0000009c                                   : memcpy_t2.obj (.text)
                  00002fb4    00000098                                   : fclose.obj (.text)
                  0000304c    00000098                                   : fputc.obj (.text)
                  000030e4    00000086                                   : fd_cmp_t2.obj (.text:__aeabi_cdcmple)
                  0000316a    00000086                                   : fd_cmp_t2.obj (.text:__aeabi_cdrcmple)
                  000031f0    0000007a                                   : memset_t2.obj (.text)
                  0000326a    00000002     --HOLE-- [fill = 0]
                  0000326c    00000070                                   : autoinit.obj (.text)
                  000032dc    00000070                                   : printf.obj (.text)
                  0000334c    00000068     driverlib.lib : interrupt.obj (.text:IntEnable)
                  000033b4    00000068     rtsv7M4_T_le_v4SPD16_eabi.lib : copy_decompress_lzss.obj (.text:decompress:lzss)
                  0000341c    00000068                                   : trgmsg.obj (.text)
                  00003484    00000064                                   : fseek.obj (.text)
                  000034e8    00000064                                   : s_frexp.obj (.text)
                  0000354c    00000060     driverlib.lib : timer.obj (.text:TimerConfigure)
                  000035ac    00000056                   : gpio.obj (.text:GPIOIntTypeSet)
                  00003602    00000002     --HOLE-- [fill = 0]
                  00003604    00000054     rtsv7M4_T_le_v4SPD16_eabi.lib : boot.obj (.text)
                  00003658    00000054                                   : exit.obj (.text)
                  000036ac    00000054                                   : ltoa.obj (.text)
                  00003700    0000004c                                   : atoi.obj (.text)
                  0000374c    0000004c                                   : cpy_tbl.obj (.text)
                  00003798    00000048                                   : fd_toi_t2.obj (.text)
                  000037e0    00000044     driverlib.lib : gpio.obj (.text:_GPIOIntNumberGet)
                  00003824    00000044     rtsv7M4_T_le_v4SPD16_eabi.lib : fd_tou_t2.obj (.text)
                  00003868    00000036                                   : strncpy.obj (.text)
                  0000389e    00000002     --HOLE-- [fill = 0]
                  000038a0    00000034     driverlib.lib : interrupt.obj (.text:IntRegister)
                  000038d4    00000034                   : sysctl.obj (.text:SysCtlPeripheralEnable)
                  00003908    0000002e     rtsv7M4_T_le_v4SPD16_eabi.lib : i_tofd_t2.obj (.text)
                  00003936    0000002a     driverlib.lib : gpio.obj (.text:GPIODirModeSet)
                  00003960    00000020     rtsv7M4_T_le_v4SPD16_eabi.lib : memchr.obj (.text)
                  00003980    00000020                                   : u_tofd_t2.obj (.text)
                  000039a0    0000001c                                   : memccpy.obj (.text)
                  000039bc    00000018     driverlib.lib : gpio.obj (.text:GPIOIntRegister)
                  000039d4    00000018                   : gpio.obj (.text:GPIOPinTypeGPIOOutput)
                  000039ec    00000018     rtsv7M4_T_le_v4SPD16_eabi.lib : args_main.obj (.text)
                  00003a04    00000018                                   : strcmp.obj (.text)
                  00003a1c    00000016                                   : strchr.obj (.text)
                  00003a32    00000002     --HOLE-- [fill = 0]
                  00003a34    00000014                                   : _lock.obj (.text)
                  00003a48    00000014                                   : s_copysign.obj (.text)
                  00003a5c    00000014                                   : strcpy.obj (.text)
                  00003a70    00000014                                   : strlen.obj (.text)
                  00003a84    00000012     driverlib.lib : gpio.obj (.text:GPIOPinTypeGPIOInput)
                  00003a96    00000012                   : timer.obj (.text:TimerLoadSet)
                  00003aa8    00000010                   : interrupt.obj (.text:IntMasterEnable)
                  00003ab8    0000000e                   : gpio.obj (.text:GPIOIntDisable)
                  00003ac6    0000000e                   : gpio.obj (.text:GPIOIntStatus)
                  00003ad4    0000000e                   : timer.obj (.text:TimerEnable)
                  00003ae2    0000000e     rtsv7M4_T_le_v4SPD16_eabi.lib : copy_decompress_none.obj (.text:decompress:none)
                  00003af0    0000000c     driverlib.lib : cpu.obj (.text:CPUcpsie)
                  00003afc    0000000c                   : gpio.obj (.text:GPIOIntEnable)
                  00003b08    0000000c     rtsv7M4_T_le_v4SPD16_eabi.lib : copy_zero_init.obj (.text:decompress:ZI)
                  00003b14    0000000c     tm4c123gh6pm_startup_ccs.obj (.text)
                  00003b20    00000008     driverlib.lib : timer.obj (.text:TimerIntEnable)
                  00003b28    00000006                   : gpio.obj (.text:GPIOIntClear)
                  00003b2e    00000006                   : gpio.obj (.text:GPIOPinRead)
                  00003b34    00000006                   : gpio.obj (.text:GPIOPinWrite)
                  00003b3a    00000006                   : sysctl.obj (.text:SysCtlDelay)
                  00003b40    00000004                   : timer.obj (.text:TimerIntClear)
                  00003b44    00000004     rtsv7M4_T_le_v4SPD16_eabi.lib : pre_init.obj (.text)

.const     0    00003b48    00000378     
                  00003b48    00000101     rtsv7M4_T_le_v4SPD16_eabi.lib : ctype.obj (.const:.string:_ctypes_)
                  00003c49    00000003     --HOLE-- [fill = 0]
                  00003c4c    000000d8     driverlib.lib : gpio.obj (.const:g_ppui32GPIOIntMapSnowflake)
                  00003d24    000000c0                   : gpio.obj (.const:g_ppui32GPIOIntMapBlizzard)
                  00003de4    00000070                   : interrupt.obj (.const)
                  00003e54    0000006c                   : sysctl.obj (.const:g_pui32Xtals)

.cinit     0    00003ec0    000000a8     
                  00003ec0    00000072     (.cinit..data.load) [load image, compression = lzss]
                  00003f32    00000002     --HOLE-- [fill = 0]
                  00003f34    0000000c     (__TI_handler_table)
                  00003f40    00000008     (.cinit..bss.load) [load image, compression = zero_init]
                  00003f48    00000008     (.cinit..vtable.load) [load image, compression = zero_init]
                  00003f50    00000018     (__TI_cinit_table)

.init_array 
*          0    00000000    00000000     UNINITIALIZED

.vtable    0    20000000    0000026c     UNINITIALIZED
                  20000000    0000026c     driverlib.lib : interrupt.obj (.vtable)

.data      0    2000026c    000001fc     UNINITIALIZED
                  2000026c    000000f0     rtsv7M4_T_le_v4SPD16_eabi.lib : defs.obj (.data:_ftable)
                  2000035c    000000d0                                   : lowlev.obj (.data:$O1$$)
                  2000042c    00000010                                   : defs.obj (.data)
                  2000043c    0000000c                                   : exit.obj (.data:$O1$$)
                  20000448    0000000c                                   : memory.obj (.data:$O1$$)
                  20000454    00000008                                   : _lock.obj (.data:$O1$$)
                  2000045c    00000004                                   : errno.obj (.data)
                  20000460    00000004                                   : fopen.obj (.data)
                  20000464    00000004                                   : stkdepth_vars.obj (.data)

.bss       0    20000468    000001c8     UNINITIALIZED
                  20000468    00000120     rtsv7M4_T_le_v4SPD16_eabi.lib : trgmsg.obj (.bss:_CIOBUF_)
                  20000588    000000a0     (.common:__TI_tmpnams)
                  20000628    00000008                                   : trgdrv.obj (.bss:parmbuf)

.stack     0    20000630    00000064     UNINITIALIZED
                  20000630    00000064     --HOLE--

.sysmem    0    20000698    00000008     UNINITIALIZED
                  20000698    00000008     rtsv7M4_T_le_v4SPD16_eabi.lib : memory.obj (.sysmem)

MODULE SUMMARY

       Module                         code    ro data   rw data
       ------                         ----    -------   -------
    .\
       tm4c123gh6pm_startup_ccs.obj   12      620       0      
       Lab4-T2.obj                    532     0         0      
    +--+------------------------------+-------+---------+---------+
       Total:                         544     620       0      
                                                               
    C:/ti/tivaware_c_series_2_1_4_178/driverlib/ccs/Debug/driverlib.lib
       gpio.obj                       626     408       0      
       interrupt.obj                  172     112       620    
       sysctl.obj                     574     108       0      
       timer.obj                      140     0         0      
       cpu.obj                        12      0         0      
    +--+------------------------------+-------+---------+---------+
       Total:                         1524    628       620    
                                                               
    C:\ti\ccsv7\tools\compiler\ti-cgt-arm_16.9.3.LTS\lib\rtsv7M4_T_le_v4SPD16_eabi.lib
       _printfi.obj                   4414    0         0      
       lowlev.obj                     780     0         208    
       memory.obj                     976     0         12     
       trgdrv.obj                     804     0         8      
       ull_div_t2.obj                 500     0         0      
       fopen.obj                      452     0         4      
       fd_add_t2.obj                  438     0         0      
       defs.obj                       0       0         416    
       trgmsg.obj                     104     0         288    
       fd_div_t2.obj                  310     0         0      
       fputs.obj                      308     0         0      
       fd_cmp_t2.obj                  268     0         0      
       ctype.obj                      0       257       0      
       fd_mul_t2.obj                  252     0         0      
       s_scalbn.obj                   252     0         0      
       setvbuf.obj                    220     0         0      
       fflush.obj                     200     0         0      
       _io_perm.obj                   172     0         0      
       memcpy_t2.obj                  156     0         0      
       fclose.obj                     152     0         0      
       fputc.obj                      152     0         0      
       memset_t2.obj                  122     0         0      
       autoinit.obj                   112     0         0      
       printf.obj                     112     0         0      
       copy_decompress_lzss.obj       104     0         0      
       fseek.obj                      100     0         0      
       s_frexp.obj                    100     0         0      
       exit.obj                       84      0         12     
       boot.obj                       84      0         0      
       ltoa.obj                       84      0         0      
       atoi.obj                       76      0         0      
       cpy_tbl.obj                    76      0         0      
       fd_toi_t2.obj                  72      0         0      
       fd_tou_t2.obj                  68      0         0      
       strncpy.obj                    54      0         0      
       i_tofd_t2.obj                  46      0         0      
       memchr.obj                     32      0         0      
       u_tofd_t2.obj                  32      0         0      
       _lock.obj                      20      0         8      
       memccpy.obj                    28      0         0      
       args_main.obj                  24      0         0      
       strcmp.obj                     24      0         0      
       strchr.obj                     22      0         0      
       s_copysign.obj                 20      0         0      
       strcpy.obj                     20      0         0      
       strlen.obj                     20      0         0      
       copy_decompress_none.obj       14      0         0      
       copy_zero_init.obj             12      0         0      
       errno.obj                      0       0         4      
       pre_init.obj                   4       0         0      
       stkdepth_vars.obj              0       0         4      
       mpu_init.obj                   2       0         0      
       startup.obj                    2       0         0      
    +--+------------------------------+-------+---------+---------+
       Total:                         12480   257       964    
                                                               
       Heap:                          0       0         8      
       Stack:                         0       0         100    
       Linker Generated:              0       166       0      
    +--+------------------------------+-------+---------+---------+
       Grand Total:                   14548   1671      1692   


LINKER GENERATED COPY TABLES

__TI_cinit_table @ 00003f50 records: 3, size/record: 8, table size: 24
	.data: load addr=00003ec0, load size=00000072 bytes, run addr=2000026c, run size=000001fc bytes, compression=lzss
	.bss: load addr=00003f40, load size=00000008 bytes, run addr=20000468, run size=000001c8 bytes, compression=zero_init
	.vtable: load addr=00003f48, load size=00000008 bytes, run addr=20000000, run size=0000026c bytes, compression=zero_init


LINKER GENERATED HANDLER TABLE

__TI_handler_table @ 00003f34 records: 3, size/record: 4, table size: 12
	index: 0, handler: __TI_zero_init
	index: 1, handler: __TI_decompress_lzss
	index: 2, handler: __TI_decompress_none


GLOBAL SYMBOLS: SORTED ALPHABETICALLY BY Name 

address   name                           
-------   ----                           
00003659  C$$EXIT                        
0000344b  C$$IO$$                        
00003af1  CPUcpsie                       
00003937  GPIODirModeSet                 
00003b29  GPIOIntClear                   
00003ab9  GPIOIntDisable                 
00003afd  GPIOIntEnable                  
000039bd  GPIOIntRegister                
00003ac7  GPIOIntStatus                  
000035ad  GPIOIntTypeSet                 
00002799  GPIOPadConfigSet               
00003b2f  GPIOPinRead                    
00003a85  GPIOPinTypeGPIOInput           
000039d5  GPIOPinTypeGPIOOutput          
00003b35  GPIOPinWrite                   
00001a57  HOSTclock                      
00001a1f  HOSTclose                      
000019e1  HOSTgetenv                     
00001985  HOSTlseek                      
00001933  HOSTopen                       
000018e7  HOSTread                       
00001889  HOSTrename                     
0000184f  HOSTtime                       
00001801  HOSTtime64                     
000017c9  HOSTunlink                     
0000177d  HOSTwrite                      
0000334d  IntEnable                      
00003aa9  IntMasterEnable                
000038a1  IntRegister                    
00001ec1  PortFPin0IntHandler            
00003b15  ResetISR                       
UNDEFED   SHT$$INIT_ARRAY$$Base          
UNDEFED   SHT$$INIT_ARRAY$$Limit         
000028cd  SysCtlClockGet                 
00002bd5  SysCtlClockSet                 
00003b3b  SysCtlDelay                    
000038d5  SysCtlPeripheralEnable         
00001f45  Timer0IntHandler               
0000354d  TimerConfigure                 
00003ad5  TimerEnable                    
00003b41  TimerIntClear                  
00003b21  TimerIntEnable                 
00003a97  TimerLoadSet                   
20000468  __CIOBUF_                      
20000694  __STACK_END                    
00000064  __STACK_SIZE                   
20000830  __STACK_TOP                    
00000008  __SYSMEM_SIZE                  
00003f50  __TI_CINIT_Base                
00003f68  __TI_CINIT_Limit               
00003f34  __TI_Handler_Table_Base        
00003f40  __TI_Handler_Table_Limit       
0000326d  __TI_auto_init                 
0000227d  __TI_cleanup                   
2000043c  __TI_cleanup_ptr               
00002fb5  __TI_closefile                 
000033b5  __TI_decompress_lzss           
00003ae3  __TI_decompress_none           
00002da5  __TI_doflush                   
20000440  __TI_dtors_ptr                 
20000444  __TI_enable_exit_profile_output
2000042c  __TI_ft_end                    
ffffffff  __TI_pprof_out_hndl            
00000ab1  __TI_printfi                   
ffffffff  __TI_prof_data_size            
ffffffff  __TI_prof_data_start           
00002ecf  __TI_rd_ok                     
0000344f  __TI_readmsg                   
00000000  __TI_static_base__             
20000588  __TI_tmpnams                   
0000341d  __TI_writemsg                  
00002e6d  __TI_wrt_ok                    
00003b09  __TI_zero_init                 
000030e5  __aeabi_cdcmpeq                
000030e5  __aeabi_cdcmple                
0000316b  __aeabi_cdrcmple               
00003799  __aeabi_d2iz                   
00003825  __aeabi_d2uiz                  
00002383  __aeabi_dadd                   
0000252f  __aeabi_ddiv                   
000029dd  __aeabi_dmul                   
00002379  __aeabi_dsub                   
00003909  __aeabi_i2d                    
000031f1  __aeabi_memclr                 
000031f1  __aeabi_memclr4                
000031f1  __aeabi_memclr8                
00002f19  __aeabi_memcpy                 
00002f19  __aeabi_memcpy4                
00002f19  __aeabi_memcpy8                
000031f3  __aeabi_memset                 
000031f3  __aeabi_memset4                
000031f3  __aeabi_memset8                
20000438  __aeabi_stderr                 
20000430  __aeabi_stdin                  
20000434  __aeabi_stdout                 
00003981  __aeabi_ui2d                   
00001fc1  __aeabi_uldivmod               
ffffffff  __binit__                      
ffffffff  __c_args__                     
000013ab  __mpu_init                     
20000630  __stack                        
000039ed  _args_main                     
00003605  _c_int00                       
00003b48  _ctypes_                       
2000026c  _ftable                        
20000454  _lock                          
00003a43  _nop                           
00003a3b  _register_lock                 
00003a35  _register_unlock               
20000698  _sys_memory                    
000028cb  _system_post_cinit             
00003b45  _system_pre_init               
20000458  _unlock                        
0000365d  abort                          
00001d01  add_device                     
00003701  atoi                           
ffffffff  binit                          
00001e61  buttonDown                     
00001e91  buttonUp                       
0000174d  calloc                         
00001cb1  close                          
0000374d  copy_in                        
00003a49  copysign                       
00003a49  copysignl                      
2000045c  errno                          
00003665  exit                           
0000301b  fclose                         
00002df1  fflush                         
000022d3  fopen                          
0000304d  fputc                          
00002665  fputs                          
00001497  free                           
000022a9  freopen                        
000034e9  frexp                          
000034e9  frexpl                         
00003485  fseek                          
20000000  g_pfnRAMVectors                
00000000  g_pfnVectors                   
00002ad9  ldexp                          
00002ad9  ldexpl                         
00001c8d  lseek                          
000036ad  ltoa                           
00001dad  main                           
20000464  main_func_sp                   
0000142d  malloc                         
00001661  memalign                       
000039a1  memccpy                        
00003961  memchr                         
00002f19  memcpy                         
000031f9  memset                         
000013ad  minit                          
00001bdf  open                           
000032e5  printf                         
0000304d  putc                           
000030d1  putchar                        
00002771  puts                           
00001bbb  read                           
00001559  realloc                        
00001b31  remove                         
00001b93  remove_device                  
00001b55  rename                         
00002ad9  scalbn                         
00002ad9  scalbnl                        
00002cc9  setvbuf                        
00003a1d  strchr                         
00003a05  strcmp                         
00003a5d  strcpy                         
00003a71  strlen                         
00003869  strncpy                        
00001b31  unlink                         
00001aa1  write                          


GLOBAL SYMBOLS: SORTED BY Symbol Address 

address   name                           
-------   ----                           
00000000  __TI_static_base__             
00000000  g_pfnVectors                   
00000008  __SYSMEM_SIZE                  
00000064  __STACK_SIZE                   
00000ab1  __TI_printfi                   
000013ab  __mpu_init                     
000013ad  minit                          
0000142d  malloc                         
00001497  free                           
00001559  realloc                        
00001661  memalign                       
0000174d  calloc                         
0000177d  HOSTwrite                      
000017c9  HOSTunlink                     
00001801  HOSTtime64                     
0000184f  HOSTtime                       
00001889  HOSTrename                     
000018e7  HOSTread                       
00001933  HOSTopen                       
00001985  HOSTlseek                      
000019e1  HOSTgetenv                     
00001a1f  HOSTclose                      
00001a57  HOSTclock                      
00001aa1  write                          
00001b31  remove                         
00001b31  unlink                         
00001b55  rename                         
00001b93  remove_device                  
00001bbb  read                           
00001bdf  open                           
00001c8d  lseek                          
00001cb1  close                          
00001d01  add_device                     
00001dad  main                           
00001e61  buttonDown                     
00001e91  buttonUp                       
00001ec1  PortFPin0IntHandler            
00001f45  Timer0IntHandler               
00001fc1  __aeabi_uldivmod               
0000227d  __TI_cleanup                   
000022a9  freopen                        
000022d3  fopen                          
00002379  __aeabi_dsub                   
00002383  __aeabi_dadd                   
0000252f  __aeabi_ddiv                   
00002665  fputs                          
00002771  puts                           
00002799  GPIOPadConfigSet               
000028cb  _system_post_cinit             
000028cd  SysCtlClockGet                 
000029dd  __aeabi_dmul                   
00002ad9  ldexp                          
00002ad9  ldexpl                         
00002ad9  scalbn                         
00002ad9  scalbnl                        
00002bd5  SysCtlClockSet                 
00002cc9  setvbuf                        
00002da5  __TI_doflush                   
00002df1  fflush                         
00002e6d  __TI_wrt_ok                    
00002ecf  __TI_rd_ok                     
00002f19  __aeabi_memcpy                 
00002f19  __aeabi_memcpy4                
00002f19  __aeabi_memcpy8                
00002f19  memcpy                         
00002fb5  __TI_closefile                 
0000301b  fclose                         
0000304d  fputc                          
0000304d  putc                           
000030d1  putchar                        
000030e5  __aeabi_cdcmpeq                
000030e5  __aeabi_cdcmple                
0000316b  __aeabi_cdrcmple               
000031f1  __aeabi_memclr                 
000031f1  __aeabi_memclr4                
000031f1  __aeabi_memclr8                
000031f3  __aeabi_memset                 
000031f3  __aeabi_memset4                
000031f3  __aeabi_memset8                
000031f9  memset                         
0000326d  __TI_auto_init                 
000032e5  printf                         
0000334d  IntEnable                      
000033b5  __TI_decompress_lzss           
0000341d  __TI_writemsg                  
0000344b  C$$IO$$                        
0000344f  __TI_readmsg                   
00003485  fseek                          
000034e9  frexp                          
000034e9  frexpl                         
0000354d  TimerConfigure                 
000035ad  GPIOIntTypeSet                 
00003605  _c_int00                       
00003659  C$$EXIT                        
0000365d  abort                          
00003665  exit                           
000036ad  ltoa                           
00003701  atoi                           
0000374d  copy_in                        
00003799  __aeabi_d2iz                   
00003825  __aeabi_d2uiz                  
00003869  strncpy                        
000038a1  IntRegister                    
000038d5  SysCtlPeripheralEnable         
00003909  __aeabi_i2d                    
00003937  GPIODirModeSet                 
00003961  memchr                         
00003981  __aeabi_ui2d                   
000039a1  memccpy                        
000039bd  GPIOIntRegister                
000039d5  GPIOPinTypeGPIOOutput          
000039ed  _args_main                     
00003a05  strcmp                         
00003a1d  strchr                         
00003a35  _register_unlock               
00003a3b  _register_lock                 
00003a43  _nop                           
00003a49  copysign                       
00003a49  copysignl                      
00003a5d  strcpy                         
00003a71  strlen                         
00003a85  GPIOPinTypeGPIOInput           
00003a97  TimerLoadSet                   
00003aa9  IntMasterEnable                
00003ab9  GPIOIntDisable                 
00003ac7  GPIOIntStatus                  
00003ad5  TimerEnable                    
00003ae3  __TI_decompress_none           
00003af1  CPUcpsie                       
00003afd  GPIOIntEnable                  
00003b09  __TI_zero_init                 
00003b15  ResetISR                       
00003b21  TimerIntEnable                 
00003b29  GPIOIntClear                   
00003b2f  GPIOPinRead                    
00003b35  GPIOPinWrite                   
00003b3b  SysCtlDelay                    
00003b41  TimerIntClear                  
00003b45  _system_pre_init               
00003b48  _ctypes_                       
00003f34  __TI_Handler_Table_Base        
00003f40  __TI_Handler_Table_Limit       
00003f50  __TI_CINIT_Base                
00003f68  __TI_CINIT_Limit               
20000000  g_pfnRAMVectors                
2000026c  _ftable                        
2000042c  __TI_ft_end                    
20000430  __aeabi_stdin                  
20000434  __aeabi_stdout                 
20000438  __aeabi_stderr                 
2000043c  __TI_cleanup_ptr               
20000440  __TI_dtors_ptr                 
20000444  __TI_enable_exit_profile_output
20000454  _lock                          
20000458  _unlock                        
2000045c  errno                          
20000464  main_func_sp                   
20000468  __CIOBUF_                      
20000588  __TI_tmpnams                   
20000630  __stack                        
20000694  __STACK_END                    
20000698  _sys_memory                    
20000830  __STACK_TOP                    
ffffffff  __TI_pprof_out_hndl            
ffffffff  __TI_prof_data_size            
ffffffff  __TI_prof_data_start           
ffffffff  __binit__                      
ffffffff  __c_args__                     
ffffffff  binit                          
UNDEFED   SHT$$INIT_ARRAY$$Base          
UNDEFED   SHT$$INIT_ARRAY$$Limit         

[171 symbols]
