******************************************************************************
                  TI ARM Linker PC v16.9.3                     
******************************************************************************
>> Linked Mon Nov 05 14:56:26 2018

OUTPUT FILE NAME:   <tivac_midterm.out>
ENTRY POINT SYMBOL: "_c_int00"  address: 00001db1


MEMORY CONFIGURATION

         name            origin    length      used     unused   attr    fill
----------------------  --------  ---------  --------  --------  ----  --------
  FLASH                 00000000   00040000  000023b8  0003dc48  R  X
  SRAM                  20000000   00008000  00000224  00007ddc  RW X


SEGMENT ALLOCATION MAP

run origin  load origin   length   init length attrs members
----------  ----------- ---------- ----------- ----- -------
00000000    00000000    000023bc   000023bc    r-x
  00000000    00000000    0000026c   0000026c    r-- .intvecs
  0000026c    0000026c    00001f9c   00001f9c    r-x .text
  00002208    00002208    0000018c   0000018c    r-- .const
  00002398    00002398    00000024   00000024    r-- .cinit
20000000    20000000    00000224   00000000    rw-
  20000000    20000000    00000200   00000000    rw- .stack
  20000200    20000200    00000024   00000000    rw- .data


SECTION ALLOCATION MAP

 output                                  attributes/
section   page    origin      length       input sections
--------  ----  ----------  ----------   ----------------
.intvecs   0    00000000    0000026c     
                  00000000    0000026c     tm4c123gh6pm_startup_ccs.obj (.intvecs)

.text      0    0000026c    00001f9c     
                  0000026c    00000c84     ustdlib.obj (.text)
                  00000ef0    00000514     tivac_midterm.obj (.text)
                  00001404    0000049c     uartstdio.obj (.text)
                  000018a0    00000132     driverlib.lib : gpio.obj (.text:GPIOPadConfigSet)
                  000019d2    00000002     rtsv7M4_T_le_v4SPD16_eabi.lib : i_div0.obj (.text)
                  000019d4    00000110     driverlib.lib : sysctl.obj (.text:SysCtlClockGet)
                  00001ae4    000000f4                   : sysctl.obj (.text:SysCtlClockSet)
                  00001bd8    0000009c     rtsv7M4_T_le_v4SPD16_eabi.lib : memcpy_t2.obj (.text)
                  00001c74    00000070                                   : autoinit.obj (.text)
                  00001ce4    00000068                                   : copy_decompress_lzss.obj (.text:decompress:lzss)
                  00001d4c    00000064     driverlib.lib : hibernate.obj (.text:HibernateWakeSet)
                  00001db0    00000054     rtsv7M4_T_le_v4SPD16_eabi.lib : boot.obj (.text)
                  00001e04    00000054                                   : exit.obj (.text)
                  00001e58    0000004c     driverlib.lib : i2c.obj (.text:I2CMasterInitExpClk)
                  00001ea4    0000004c     rtsv7M4_T_le_v4SPD16_eabi.lib : cpy_tbl.obj (.text)
                  00001ef0    00000048     driverlib.lib : gpio.obj (.text:GPIOPinConfigure)
                  00001f38    00000046                   : uart.obj (.text:UARTConfigSetExpClk)
                  00001f7e    00000040     rtsv7M4_T_le_v4SPD16_eabi.lib : u_divt2.obj (.text)
                  00001fbe    00000002                                   : mpu_init.obj (.text)
                  00001fc0    00000038     driverlib.lib : sysctl.obj (.text:SysCtlPeripheralPresent)
                  00001ff8    00000034                   : sysctl.obj (.text:SysCtlPeripheralEnable)
                  0000202c    0000002c                   : hibernate.obj (.text:HibernateRTCSet)
                  00002058    0000002a                   : gpio.obj (.text:GPIODirModeSet)
                  00002082    00000002     rtsv7M4_T_le_v4SPD16_eabi.lib : startup.obj (.text)
                  00002084    00000020     driverlib.lib : uart.obj (.text:UARTDisable)
                  000020a4    00000018                   : hibernate.obj (.text:HibernateGPIORetentionEnable)
                  000020bc    00000018     rtsv7M4_T_le_v4SPD16_eabi.lib : args_main.obj (.text)
                  000020d4    00000014     driverlib.lib : hibernate.obj (.text:HibernateEnableExpClk)
                  000020e8    00000014                   : hibernate.obj (.text:HibernateRTCEnable)
                  000020fc    00000014                   : hibernate.obj (.text:HibernateRequest)
                  00002110    00000014                   : uart.obj (.text:UARTEnable)
                  00002124    00000014     rtsv7M4_T_le_v4SPD16_eabi.lib : _lock.obj (.text)
                  00002138    00000014                                   : strlen.obj (.text)
                  0000214c    00000012     driverlib.lib : gpio.obj (.text:GPIOPinTypeI2C)
                  0000215e    00000012                   : gpio.obj (.text:GPIOPinTypeI2CSCL)
                  00002170    00000012                   : gpio.obj (.text:GPIOPinTypeUART)
                  00002182    00000002     --HOLE-- [fill = 0]
                  00002184    00000010                   : hibernate.obj (.text:HibernateRTCMatchSet)
                  00002194    00000010                   : hibernate.obj (.text:_HibernateWriteComplete)
                  000021a4    0000000e     rtsv7M4_T_le_v4SPD16_eabi.lib : copy_decompress_none.obj (.text:decompress:none)
                  000021b2    0000000c     tm4c123gh6pm_startup_ccs.obj (.text)
                  000021be    0000000a     driverlib.lib : i2c.obj (.text:I2CMasterEnable)
                  000021c8    0000000a                   : uart.obj (.text:UARTCharGet)
                  000021d2    0000000a                   : uart.obj (.text:UARTCharPut)
                  000021dc    00000008                   : i2c.obj (.text:I2CMasterBusy)
                  000021e4    00000008                   : i2c.obj (.text:I2CMasterSlaveAddrSet)
                  000021ec    00000006                   : sysctl.obj (.text:SysCtlDelay)
                  000021f2    00000006                   : uart.obj (.text:UARTClockSourceSet)
                  000021f8    00000004                   : i2c.obj (.text:I2CMasterControl)
                  000021fc    00000004                   : i2c.obj (.text:I2CMasterDataGet)
                  00002200    00000004                   : i2c.obj (.text:I2CMasterDataPut)
                  00002204    00000004     rtsv7M4_T_le_v4SPD16_eabi.lib : pre_init.obj (.text)

.const     0    00002208    0000018c     
                  00002208    00000090     driverlib.lib : gpio.obj (.const:g_pui32GPIOBaseAddrs)
                  00002298    0000006c                   : sysctl.obj (.const:g_pui32Xtals)
                  00002304    00000030     ustdlib.obj (.const:g_psDaysToMonth)
                  00002334    00000018     ustdlib.obj (.const:g_pfExponents)
                  0000234c    00000012     uartstdio.obj (.const:.string)
                  0000235e    00000002     --HOLE-- [fill = 0]
                  00002360    00000012     ustdlib.obj (.const:.string)
                  00002372    00000002     --HOLE-- [fill = 0]
                  00002374    0000000c     uartstdio.obj (.const:g_ui32UARTBase)
                  00002380    0000000c     uartstdio.obj (.const:g_ui32UARTPeriph)
                  0000238c    00000004     uartstdio.obj (.const)
                  00002390    00000004     ustdlib.obj (.const)

.cinit     0    00002398    00000024     
                  00002398    00000013     (.cinit..data.load) [load image, compression = lzss]
                  000023ab    00000001     --HOLE-- [fill = 0]
                  000023ac    00000008     (__TI_handler_table)
                  000023b4    00000008     (__TI_cinit_table)

.init_array 
*          0    00000000    00000000     UNINITIALIZED

.stack     0    20000000    00000200     UNINITIALIZED
                  20000000    00000200     --HOLE--

.data      0    20000200    00000024     UNINITIALIZED
                  20000200    0000000c     rtsv7M4_T_le_v4SPD16_eabi.lib : exit.obj (.data:$O1$$)
                  2000020c    00000008                                   : _lock.obj (.data:$O1$$)
                  20000214    00000005     uartstdio.obj (.data)
                  20000219    00000003     --HOLE--
                  2000021c    00000004     rtsv7M4_T_le_v4SPD16_eabi.lib : stkdepth_vars.obj (.data)
                  20000220    00000004     ustdlib.obj (.data)

MODULE SUMMARY

       Module                         code   ro data   rw data
       ------                         ----   -------   -------
    .\
       ustdlib.obj                    3204   94        4      
       tivac_midterm.obj              1300   0         0      
       uartstdio.obj                  1180   46        5      
       tm4c123gh6pm_startup_ccs.obj   12     620       0      
    +--+------------------------------+------+---------+---------+
       Total:                         5696   760       9      
                                                              
    C:/ti/tivaware_c_series_2_1_4_178/driverlib/ccs/Debug/driverlib.lib
       sysctl.obj                     630    108       0      
       gpio.obj                       474    144       0      
       hibernate.obj                  260    0         0      
       uart.obj                       148    0         0      
       i2c.obj                        114    0         0      
    +--+------------------------------+------+---------+---------+
       Total:                         1626   252       0      
                                                              
    C:\ti\ccsv7\tools\compiler\ti-cgt-arm_16.9.3.LTS\lib\rtsv7M4_T_le_v4SPD16_eabi.lib
       memcpy_t2.obj                  156    0         0      
       autoinit.obj                   112    0         0      
       copy_decompress_lzss.obj       104    0         0      
       exit.obj                       84     0         12     
       boot.obj                       84     0         0      
       cpy_tbl.obj                    76     0         0      
       u_divt2.obj                    64     0         0      
       _lock.obj                      20     0         8      
       args_main.obj                  24     0         0      
       strlen.obj                     20     0         0      
       copy_decompress_none.obj       14     0         0      
       pre_init.obj                   4      0         0      
       stkdepth_vars.obj              0      0         4      
       i_div0.obj                     2      0         0      
       mpu_init.obj                   2      0         0      
       startup.obj                    2      0         0      
    +--+------------------------------+------+---------+---------+
       Total:                         768    0         24     
                                                              
       Stack:                         0      0         512    
       Linker Generated:              0      35        0      
    +--+------------------------------+------+---------+---------+
       Grand Total:                   8090   1047      545    


LINKER GENERATED COPY TABLES

__TI_cinit_table @ 000023b4 records: 1, size/record: 8, table size: 8
	.data: load addr=00002398, load size=00000013 bytes, run addr=20000200, run size=00000024 bytes, compression=lzss


LINKER GENERATED HANDLER TABLE

__TI_handler_table @ 000023ac records: 2, size/record: 4, table size: 8
	index: 0, handler: __TI_decompress_lzss
	index: 1, handler: __TI_decompress_none


GLOBAL SYMBOLS: SORTED ALPHABETICALLY BY Name 

address   name                           
-------   ----                           
00001e05  C$$EXIT                        
00000ef1  ConfigureUART                  
00002059  GPIODirModeSet                 
000018a1  GPIOPadConfigSet               
00001ef1  GPIOPinConfigure               
0000214d  GPIOPinTypeI2C                 
0000215f  GPIOPinTypeI2CSCL              
00002171  GPIOPinTypeUART                
0000111f  GetLuminosity                  
000020d5  HibernateEnableExpClk          
000020a5  HibernateGPIORetentionEnable   
000020e9  HibernateRTCEnable             
00002185  HibernateRTCMatchSet           
0000202d  HibernateRTCSet                
000020fd  HibernateRequest               
00001d4d  HibernateWakeSet               
00000f2b  I2C0_Init                      
0000107b  I2C0_Read                      
00000f6f  I2C0_Write                     
000021dd  I2CMasterBusy                  
000021f9  I2CMasterControl               
000021fd  I2CMasterDataGet               
00002201  I2CMasterDataPut               
000021bf  I2CMasterEnable                
00001e59  I2CMasterInitExpClk            
000021e5  I2CMasterSlaveAddrSet          
000021b3  ResetISR                       
UNDEFED   SHT$$INIT_ARRAY$$Base          
UNDEFED   SHT$$INIT_ARRAY$$Limit         
000019d5  SysCtlClockGet                 
00001ae5  SysCtlClockSet                 
000021ed  SysCtlDelay                    
00001ff9  SysCtlPeripheralEnable         
00001fc1  SysCtlPeripheralPresent        
000010f1  TSL2591_init                   
000021c9  UARTCharGet                    
000021d3  UARTCharPut                    
000021f3  UARTClockSourceSet             
00001f39  UARTConfigSetExpClk            
00002085  UARTDisable                    
00002111  UARTEnable                     
00001405  UARTStdioConfig                
0000154b  UARTgetc                       
00001491  UARTgets                       
0000186b  UARTprintf                     
00001571  UARTvprintf                    
0000144b  UARTwrite                      
20000200  __STACK_END                    
00000200  __STACK_SIZE                   
20000200  __STACK_TOP                    
000023b4  __TI_CINIT_Base                
000023bc  __TI_CINIT_Limit               
000023ac  __TI_Handler_Table_Base        
000023b4  __TI_Handler_Table_Limit       
00001c75  __TI_auto_init                 
20000200  __TI_cleanup_ptr               
00001ce5  __TI_decompress_lzss           
000021a5  __TI_decompress_none           
20000204  __TI_dtors_ptr                 
20000208  __TI_enable_exit_profile_output
ffffffff  __TI_pprof_out_hndl            
ffffffff  __TI_prof_data_size            
ffffffff  __TI_prof_data_start           
00000000  __TI_static_base__             
000019d3  __aeabi_idiv0                  
00001bd9  __aeabi_memcpy                 
00001bd9  __aeabi_memcpy4                
00001bd9  __aeabi_memcpy8                
00001f7f  __aeabi_uidiv                  
00001f7f  __aeabi_uidivmod               
ffffffff  __binit__                      
ffffffff  __c_args__                     
00001fbf  __mpu_init                     
20000000  __stack                        
000020bd  _args_main                     
00001db1  _c_int00                       
2000020c  _lock                          
00002133  _nop                           
0000212b  _register_lock                 
00002125  _register_unlock               
00002083  _system_post_cinit             
00002205  _system_pre_init               
20000210  _unlock                        
00001e09  abort                          
ffffffff  binit                          
00001ea5  copy_in                        
00001e11  exit                           
00000000  g_pfnVectors                   
00001239  main                           
2000021c  main_func_sp                   
00001bd9  memcpy                         
00002139  strlen                         
00000751  ulocaltime                     
0000094f  umktime                        
00000ec9  urand                          
00000721  usnprintf                      
000006ef  usprintf                       
00000eb9  usrand                         
00000e31  ustrcasecmp                    
00000ea5  ustrcmp                        
00000d35  ustrlen                        
00000d8d  ustrncasecmp                   
00000e45  ustrncmp                       
0000026d  ustrncpy                       
00000d57  ustrstr                        
00000afd  ustrtof                        
000009c5  ustrtoul                       
000002c5  uvsnprintf                     


GLOBAL SYMBOLS: SORTED BY Symbol Address 

address   name                           
-------   ----                           
00000000  __TI_static_base__             
00000000  g_pfnVectors                   
00000200  __STACK_SIZE                   
0000026d  ustrncpy                       
000002c5  uvsnprintf                     
000006ef  usprintf                       
00000721  usnprintf                      
00000751  ulocaltime                     
0000094f  umktime                        
000009c5  ustrtoul                       
00000afd  ustrtof                        
00000d35  ustrlen                        
00000d57  ustrstr                        
00000d8d  ustrncasecmp                   
00000e31  ustrcasecmp                    
00000e45  ustrncmp                       
00000ea5  ustrcmp                        
00000eb9  usrand                         
00000ec9  urand                          
00000ef1  ConfigureUART                  
00000f2b  I2C0_Init                      
00000f6f  I2C0_Write                     
0000107b  I2C0_Read                      
000010f1  TSL2591_init                   
0000111f  GetLuminosity                  
00001239  main                           
00001405  UARTStdioConfig                
0000144b  UARTwrite                      
00001491  UARTgets                       
0000154b  UARTgetc                       
00001571  UARTvprintf                    
0000186b  UARTprintf                     
000018a1  GPIOPadConfigSet               
000019d3  __aeabi_idiv0                  
000019d5  SysCtlClockGet                 
00001ae5  SysCtlClockSet                 
00001bd9  __aeabi_memcpy                 
00001bd9  __aeabi_memcpy4                
00001bd9  __aeabi_memcpy8                
00001bd9  memcpy                         
00001c75  __TI_auto_init                 
00001ce5  __TI_decompress_lzss           
00001d4d  HibernateWakeSet               
00001db1  _c_int00                       
00001e05  C$$EXIT                        
00001e09  abort                          
00001e11  exit                           
00001e59  I2CMasterInitExpClk            
00001ea5  copy_in                        
00001ef1  GPIOPinConfigure               
00001f39  UARTConfigSetExpClk            
00001f7f  __aeabi_uidiv                  
00001f7f  __aeabi_uidivmod               
00001fbf  __mpu_init                     
00001fc1  SysCtlPeripheralPresent        
00001ff9  SysCtlPeripheralEnable         
0000202d  HibernateRTCSet                
00002059  GPIODirModeSet                 
00002083  _system_post_cinit             
00002085  UARTDisable                    
000020a5  HibernateGPIORetentionEnable   
000020bd  _args_main                     
000020d5  HibernateEnableExpClk          
000020e9  HibernateRTCEnable             
000020fd  HibernateRequest               
00002111  UARTEnable                     
00002125  _register_unlock               
0000212b  _register_lock                 
00002133  _nop                           
00002139  strlen                         
0000214d  GPIOPinTypeI2C                 
0000215f  GPIOPinTypeI2CSCL              
00002171  GPIOPinTypeUART                
00002185  HibernateRTCMatchSet           
000021a5  __TI_decompress_none           
000021b3  ResetISR                       
000021bf  I2CMasterEnable                
000021c9  UARTCharGet                    
000021d3  UARTCharPut                    
000021dd  I2CMasterBusy                  
000021e5  I2CMasterSlaveAddrSet          
000021ed  SysCtlDelay                    
000021f3  UARTClockSourceSet             
000021f9  I2CMasterControl               
000021fd  I2CMasterDataGet               
00002201  I2CMasterDataPut               
00002205  _system_pre_init               
000023ac  __TI_Handler_Table_Base        
000023b4  __TI_CINIT_Base                
000023b4  __TI_Handler_Table_Limit       
000023bc  __TI_CINIT_Limit               
20000000  __stack                        
20000200  __STACK_END                    
20000200  __STACK_TOP                    
20000200  __TI_cleanup_ptr               
20000204  __TI_dtors_ptr                 
20000208  __TI_enable_exit_profile_output
2000020c  _lock                          
20000210  _unlock                        
2000021c  main_func_sp                   
ffffffff  __TI_pprof_out_hndl            
ffffffff  __TI_prof_data_size            
ffffffff  __TI_prof_data_start           
ffffffff  __binit__                      
ffffffff  __c_args__                     
ffffffff  binit                          
UNDEFED   SHT$$INIT_ARRAY$$Base          
UNDEFED   SHT$$INIT_ARRAY$$Limit         

[108 symbols]
