******************************************************************************
                  TI ARM Linker PC v16.9.3                     
******************************************************************************
>> Linked Tue Oct 09 18:11:40 2018

OUTPUT FILE NAME:   <lab5.out>
ENTRY POINT SYMBOL: "_c_int00"  address: 0000066d


MEMORY CONFIGURATION

         name            origin    length      used     unused   attr    fill
----------------------  --------  ---------  --------  --------  ----  --------
  FLASH                 00000000   00040000  0000084c  0003f7b4  R  X
  SRAM                  20000000   00008000  0000007c  00007f84  RW X


SEGMENT ALLOCATION MAP

run origin  load origin   length   init length attrs members
----------  ----------- ---------- ----------- ----- -------
00000000    00000000    0000084c   0000084c    r-x
  00000000    00000000    0000026c   0000026c    r-- .intvecs
  0000026c    0000026c    000005bc   000005bc    r-x .text
  00000828    00000828    00000024   00000024    r-- .cinit
20000000    20000000    0000007c   00000000    rw-
  20000000    20000000    00000064   00000000    rw- .stack
  20000064    20000064    00000018   00000000    rw- .data


SECTION ALLOCATION MAP

 output                                  attributes/
section   page    origin      length       input sections
--------  ----  ----------  ----------   ----------------
.intvecs   0    00000000    0000026c     
                  00000000    0000026c     tm4c123gh6pm_startup_ccs.obj (.intvecs)

.text      0    0000026c    000005bc     
                  0000026c    00000158     Lab5-T1.obj (.text)
                  000003c4    00000132     driverlib.lib : gpio.obj (.text:GPIOPadConfigSet)
                  000004f6    0000009c     rtsv7M4_T_le_v4SPD16_eabi.lib : memcpy_t2.obj (.text)
                  00000592    00000002                                   : mpu_init.obj (.text)
                  00000594    00000070                                   : autoinit.obj (.text)
                  00000604    00000068                                   : copy_decompress_lzss.obj (.text:decompress:lzss)
                  0000066c    00000054                                   : boot.obj (.text)
                  000006c0    00000054                                   : exit.obj (.text)
                  00000714    0000004c                                   : cpy_tbl.obj (.text)
                  00000760    00000034     driverlib.lib : sysctl.obj (.text:SysCtlPeripheralEnable)
                  00000794    0000002a                   : gpio.obj (.text:GPIODirModeSet)
                  000007be    00000018                   : gpio.obj (.text:GPIOPinTypeGPIOOutput)
                  000007d6    00000002     rtsv7M4_T_le_v4SPD16_eabi.lib : startup.obj (.text)
                  000007d8    00000018                                   : args_main.obj (.text)
                  000007f0    00000014                                   : _lock.obj (.text)
                  00000804    0000000e                                   : copy_decompress_none.obj (.text:decompress:none)
                  00000812    0000000c     tm4c123gh6pm_startup_ccs.obj (.text)
                  0000081e    00000006     driverlib.lib : gpio.obj (.text:GPIOPinWrite)
                  00000824    00000004     rtsv7M4_T_le_v4SPD16_eabi.lib : pre_init.obj (.text)

.cinit     0    00000828    00000024     
                  00000828    00000011     (.cinit..data.load) [load image, compression = lzss]
                  00000839    00000003     --HOLE-- [fill = 0]
                  0000083c    00000008     (__TI_handler_table)
                  00000844    00000008     (__TI_cinit_table)

.init_array 
*          0    00000000    00000000     UNINITIALIZED

.stack     0    20000000    00000064     UNINITIALIZED
                  20000000    00000064     --HOLE--

.data      0    20000064    00000018     UNINITIALIZED
                  20000064    0000000c     rtsv7M4_T_le_v4SPD16_eabi.lib : exit.obj (.data:$O1$$)
                  20000070    00000008                                   : _lock.obj (.data:$O1$$)
                  20000078    00000004                                   : stkdepth_vars.obj (.data)

MODULE SUMMARY

       Module                         code   ro data   rw data
       ------                         ----   -------   -------
    .\
       tm4c123gh6pm_startup_ccs.obj   12     620       0      
       Lab5-T1.obj                    344    0         0      
    +--+------------------------------+------+---------+---------+
       Total:                         356    620       0      
                                                              
    C:/ti/tivaware_c_series_2_1_4_178/driverlib/ccs/Debug/driverlib.lib
       gpio.obj                       378    0         0      
       sysctl.obj                     52     0         0      
    +--+------------------------------+------+---------+---------+
       Total:                         430    0         0      
                                                              
    C:\ti\ccsv7\tools\compiler\ti-cgt-arm_16.9.3.LTS\lib\rtsv7M4_T_le_v4SPD16_eabi.lib
       memcpy_t2.obj                  156    0         0      
       autoinit.obj                   112    0         0      
       copy_decompress_lzss.obj       104    0         0      
       exit.obj                       84     0         12     
       boot.obj                       84     0         0      
       cpy_tbl.obj                    76     0         0      
       _lock.obj                      20     0         8      
       args_main.obj                  24     0         0      
       copy_decompress_none.obj       14     0         0      
       pre_init.obj                   4      0         0      
       stkdepth_vars.obj              0      0         4      
       mpu_init.obj                   2      0         0      
       startup.obj                    2      0         0      
    +--+------------------------------+------+---------+---------+
       Total:                         682    0         24     
                                                              
       Stack:                         0      0         100    
       Linker Generated:              0      33        0      
    +--+------------------------------+------+---------+---------+
       Grand Total:                   1468   653       124    


LINKER GENERATED COPY TABLES

__TI_cinit_table @ 00000844 records: 1, size/record: 8, table size: 8
	.data: load addr=00000828, load size=00000011 bytes, run addr=20000064, run size=00000018 bytes, compression=lzss


LINKER GENERATED HANDLER TABLE

__TI_handler_table @ 0000083c records: 2, size/record: 4, table size: 8
	index: 0, handler: __TI_decompress_lzss
	index: 1, handler: __TI_decompress_none


GLOBAL SYMBOLS: SORTED ALPHABETICALLY BY Name 

address   name                           
-------   ----                           
000006c1  C$$EXIT                        
00000795  GPIODirModeSet                 
000003c5  GPIOPadConfigSet               
000007bf  GPIOPinTypeGPIOOutput          
0000081f  GPIOPinWrite                   
00000813  ResetISR                       
UNDEFED   SHT$$INIT_ARRAY$$Base          
UNDEFED   SHT$$INIT_ARRAY$$Limit         
00000761  SysCtlPeripheralEnable         
20000064  __STACK_END                    
00000064  __STACK_SIZE                   
20000200  __STACK_TOP                    
00000844  __TI_CINIT_Base                
0000084c  __TI_CINIT_Limit               
0000083c  __TI_Handler_Table_Base        
00000844  __TI_Handler_Table_Limit       
00000595  __TI_auto_init                 
20000064  __TI_cleanup_ptr               
00000605  __TI_decompress_lzss           
00000805  __TI_decompress_none           
20000068  __TI_dtors_ptr                 
2000006c  __TI_enable_exit_profile_output
ffffffff  __TI_pprof_out_hndl            
ffffffff  __TI_prof_data_size            
ffffffff  __TI_prof_data_start           
00000000  __TI_static_base__             
000004f7  __aeabi_memcpy                 
000004f7  __aeabi_memcpy4                
000004f7  __aeabi_memcpy8                
ffffffff  __binit__                      
ffffffff  __c_args__                     
00000593  __mpu_init                     
20000000  __stack                        
000007d9  _args_main                     
0000066d  _c_int00                       
20000070  _lock                          
000007ff  _nop                           
000007f7  _register_lock                 
000007f1  _register_unlock               
000007d7  _system_post_cinit             
00000825  _system_pre_init               
20000074  _unlock                        
000006c5  abort                          
ffffffff  binit                          
00000715  copy_in                        
000006cd  exit                           
00000000  g_pfnVectors                   
0000026d  main                           
20000078  main_func_sp                   
000004f7  memcpy                         


GLOBAL SYMBOLS: SORTED BY Symbol Address 

address   name                           
-------   ----                           
00000000  __TI_static_base__             
00000000  g_pfnVectors                   
00000064  __STACK_SIZE                   
0000026d  main                           
000003c5  GPIOPadConfigSet               
000004f7  __aeabi_memcpy                 
000004f7  __aeabi_memcpy4                
000004f7  __aeabi_memcpy8                
000004f7  memcpy                         
00000593  __mpu_init                     
00000595  __TI_auto_init                 
00000605  __TI_decompress_lzss           
0000066d  _c_int00                       
000006c1  C$$EXIT                        
000006c5  abort                          
000006cd  exit                           
00000715  copy_in                        
00000761  SysCtlPeripheralEnable         
00000795  GPIODirModeSet                 
000007bf  GPIOPinTypeGPIOOutput          
000007d7  _system_post_cinit             
000007d9  _args_main                     
000007f1  _register_unlock               
000007f7  _register_lock                 
000007ff  _nop                           
00000805  __TI_decompress_none           
00000813  ResetISR                       
0000081f  GPIOPinWrite                   
00000825  _system_pre_init               
0000083c  __TI_Handler_Table_Base        
00000844  __TI_CINIT_Base                
00000844  __TI_Handler_Table_Limit       
0000084c  __TI_CINIT_Limit               
20000000  __stack                        
20000064  __STACK_END                    
20000064  __TI_cleanup_ptr               
20000068  __TI_dtors_ptr                 
2000006c  __TI_enable_exit_profile_output
20000070  _lock                          
20000074  _unlock                        
20000078  main_func_sp                   
20000200  __STACK_TOP                    
ffffffff  __TI_pprof_out_hndl            
ffffffff  __TI_prof_data_size            
ffffffff  __TI_prof_data_start           
ffffffff  __binit__                      
ffffffff  __c_args__                     
ffffffff  binit                          
UNDEFED   SHT$$INIT_ARRAY$$Base          
UNDEFED   SHT$$INIT_ARRAY$$Limit         

[50 symbols]
