******************************************************************************
                  TI ARM Linker PC v16.9.3                     
******************************************************************************
>> Linked Tue Oct 02 18:42:04 2018

OUTPUT FILE NAME:   <lab3.out>
ENTRY POINT SYMBOL: "_c_int00"  address: 00000985


MEMORY CONFIGURATION

         name            origin    length      used     unused   attr    fill
----------------------  --------  ---------  --------  --------  ----  --------
  FLASH                 00000000   00040000  00000c6a  0003f396  R  X
  SRAM                  20000000   00008000  00000229  00007dd7  RW X


SEGMENT ALLOCATION MAP

run origin  load origin   length   init length attrs members
----------  ----------- ---------- ----------- ----- -------
00000000    00000000    00000c70   00000c70    r-x
  00000000    00000000    0000026c   0000026c    r-- .intvecs
  0000026c    0000026c    0000094a   0000094a    r-x .text
  00000bb8    00000bb8    0000006c   0000006c    r-- .const
  00000c28    00000c28    00000048   00000048    r-- .cinit
20000000    20000000    00000229   00000000    rw-
  20000000    20000000    00000200   00000000    rw- .stack
  20000200    20000200    00000027   00000000    rw- .data
  20000227    20000227    00000002   00000000    rw- .bss


SECTION ALLOCATION MAP

 output                                  attributes/
section   page    origin      length       input sections
--------  ----  ----------  ----------   ----------------
.intvecs   0    00000000    0000026c     
                  00000000    0000026c     tm4c123gh6pm_startup_ccs.obj (.intvecs)

.text      0    0000026c    0000094a     
                  0000026c    00000136     rtsv7M4_T_le_v4SPD16_eabi.lib : fd_div_t2.obj (.text)
                  000003a2    00000132     driverlib.lib : gpio.obj (.text:GPIOPadConfigSet)
                  000004d4    00000110                   : sysctl.obj (.text:SysCtlClockGet)
                  000005e4    000000f4                   : sysctl.obj (.text:SysCtlClockSet)
                  000006d8    000000bc     Lab3-T2.obj (.text)
                  00000794    0000009c     rtsv7M4_T_le_v4SPD16_eabi.lib : memcpy_t2.obj (.text)
                  00000830    0000007a                                   : memset_t2.obj (.text)
                  000008aa    00000002                                   : mpu_init.obj (.text)
                  000008ac    00000070                                   : autoinit.obj (.text)
                  0000091c    00000068                                   : copy_decompress_lzss.obj (.text:decompress:lzss)
                  00000984    00000054                                   : boot.obj (.text)
                  000009d8    00000054                                   : exit.obj (.text)
                  00000a2c    0000004c                                   : cpy_tbl.obj (.text)
                  00000a78    00000044                                   : fd_tou_t2.obj (.text)
                  00000abc    00000034     driverlib.lib : sysctl.obj (.text:SysCtlPeripheralEnable)
                  00000af0    0000002a                   : gpio.obj (.text:GPIODirModeSet)
                  00000b1a    00000020     rtsv7M4_T_le_v4SPD16_eabi.lib : u_tofd_t2.obj (.text)
                  00000b3a    00000018     driverlib.lib : gpio.obj (.text:GPIOPinTypeGPIOOutput)
                  00000b52    00000002     rtsv7M4_T_le_v4SPD16_eabi.lib : startup.obj (.text)
                  00000b54    00000018                                   : args_main.obj (.text)
                  00000b6c    00000014                                   : _lock.obj (.text)
                  00000b80    0000000e                                   : copy_decompress_none.obj (.text:decompress:none)
                  00000b8e    0000000c                                   : copy_zero_init.obj (.text:decompress:ZI)
                  00000b9a    0000000c     tm4c123gh6pm_startup_ccs.obj (.text)
                  00000ba6    00000006     driverlib.lib : gpio.obj (.text:GPIOPinWrite)
                  00000bac    00000006                   : sysctl.obj (.text:SysCtlDelay)
                  00000bb2    00000004     rtsv7M4_T_le_v4SPD16_eabi.lib : pre_init.obj (.text)

.const     0    00000bb8    0000006c     
                  00000bb8    0000006c     driverlib.lib : sysctl.obj (.const:g_pui32Xtals)

.cinit     0    00000c28    00000048     
                  00000c28    00000021     (.cinit..data.load) [load image, compression = lzss]
                  00000c49    00000003     --HOLE-- [fill = 0]
                  00000c4c    0000000c     (__TI_handler_table)
                  00000c58    00000008     (.cinit..bss.load) [load image, compression = zero_init]
                  00000c60    00000010     (__TI_cinit_table)

.init_array 
*          0    00000000    00000000     UNINITIALIZED

.stack     0    20000000    00000200     UNINITIALIZED
                  20000000    00000200     --HOLE--

.data      0    20000200    00000027     UNINITIALIZED
                  20000200    0000000c     rtsv7M4_T_le_v4SPD16_eabi.lib : exit.obj (.data:$O1$$)
                  2000020c    00000008                                   : _lock.obj (.data:$O1$$)
                  20000214    00000004                                   : stkdepth_vars.obj (.data)
                  20000218    00000008     Lab3-T2.obj (.data)
                  20000220    00000007     Lab3-T2.obj (.data:array)

.bss       0    20000227    00000002     UNINITIALIZED
                  20000227    00000001     (.common:i)
                  20000228    00000001     (.common:ui8PinData)

MODULE SUMMARY

       Module                         code   ro data   rw data
       ------                         ----   -------   -------
    .\
       tm4c123gh6pm_startup_ccs.obj   12     620       0      
       Lab3-T2.obj                    188    0         17     
    +--+------------------------------+------+---------+---------+
       Total:                         200    620       17     
                                                              
    C:/ti/tivaware_c_series_2_1_4_178/driverlib/ccs/Debug/driverlib.lib
       sysctl.obj                     574    108       0      
       gpio.obj                       378    0         0      
    +--+------------------------------+------+---------+---------+
       Total:                         952    108       0      
                                                              
    C:\ti\ccsv7\tools\compiler\ti-cgt-arm_16.9.3.LTS\lib\rtsv7M4_T_le_v4SPD16_eabi.lib
       fd_div_t2.obj                  310    0         0      
       memcpy_t2.obj                  156    0         0      
       memset_t2.obj                  122    0         0      
       autoinit.obj                   112    0         0      
       copy_decompress_lzss.obj       104    0         0      
       exit.obj                       84     0         12     
       boot.obj                       84     0         0      
       cpy_tbl.obj                    76     0         0      
       fd_tou_t2.obj                  68     0         0      
       u_tofd_t2.obj                  32     0         0      
       _lock.obj                      20     0         8      
       args_main.obj                  24     0         0      
       copy_decompress_none.obj       14     0         0      
       copy_zero_init.obj             12     0         0      
       pre_init.obj                   4      0         0      
       stkdepth_vars.obj              0      0         4      
       mpu_init.obj                   2      0         0      
       startup.obj                    2      0         0      
    +--+------------------------------+------+---------+---------+
       Total:                         1226   0         24     
                                                              
       Stack:                         0      0         512    
       Linker Generated:              0      69        0      
    +--+------------------------------+------+---------+---------+
       Grand Total:                   2378   797       553    


LINKER GENERATED COPY TABLES

__TI_cinit_table @ 00000c60 records: 2, size/record: 8, table size: 16
	.data: load addr=00000c28, load size=00000021 bytes, run addr=20000200, run size=00000027 bytes, compression=lzss
	.bss: load addr=00000c58, load size=00000008 bytes, run addr=20000227, run size=00000002 bytes, compression=zero_init


LINKER GENERATED HANDLER TABLE

__TI_handler_table @ 00000c4c records: 3, size/record: 4, table size: 12
	index: 0, handler: __TI_decompress_lzss
	index: 1, handler: __TI_decompress_none
	index: 2, handler: __TI_zero_init


GLOBAL SYMBOLS: SORTED ALPHABETICALLY BY Name 

address   name                           
-------   ----                           
000009d9  C$$EXIT                        
00000af1  GPIODirModeSet                 
000003a3  GPIOPadConfigSet               
00000b3b  GPIOPinTypeGPIOOutput          
00000ba7  GPIOPinWrite                   
00000b9b  ResetISR                       
UNDEFED   SHT$$INIT_ARRAY$$Base          
UNDEFED   SHT$$INIT_ARRAY$$Limit         
000004d5  SysCtlClockGet                 
000005e5  SysCtlClockSet                 
00000bad  SysCtlDelay                    
00000abd  SysCtlPeripheralEnable         
20000200  __STACK_END                    
00000200  __STACK_SIZE                   
20000200  __STACK_TOP                    
00000c60  __TI_CINIT_Base                
00000c70  __TI_CINIT_Limit               
00000c4c  __TI_Handler_Table_Base        
00000c58  __TI_Handler_Table_Limit       
000008ad  __TI_auto_init                 
20000200  __TI_cleanup_ptr               
0000091d  __TI_decompress_lzss           
00000b81  __TI_decompress_none           
20000204  __TI_dtors_ptr                 
20000208  __TI_enable_exit_profile_output
ffffffff  __TI_pprof_out_hndl            
ffffffff  __TI_prof_data_size            
ffffffff  __TI_prof_data_start           
00000000  __TI_static_base__             
00000b8f  __TI_zero_init                 
00000a79  __aeabi_d2uiz                  
0000026d  __aeabi_ddiv                   
00000831  __aeabi_memclr                 
00000831  __aeabi_memclr4                
00000831  __aeabi_memclr8                
00000795  __aeabi_memcpy                 
00000795  __aeabi_memcpy4                
00000795  __aeabi_memcpy8                
00000833  __aeabi_memset                 
00000833  __aeabi_memset4                
00000833  __aeabi_memset8                
00000b1b  __aeabi_ui2d                   
ffffffff  __binit__                      
ffffffff  __c_args__                     
000008ab  __mpu_init                     
20000000  __stack                        
00000b55  _args_main                     
00000985  _c_int00                       
2000020c  _lock                          
00000b7b  _nop                           
00000b73  _register_lock                 
00000b6d  _register_unlock               
00000b53  _system_post_cinit             
00000bb3  _system_pre_init               
20000210  _unlock                        
000009dd  abort                          
20000220  array                          
ffffffff  binit                          
00000a2d  copy_in                        
20000218  divisor                        
000009e5  exit                           
00000000  g_pfnVectors                   
20000227  i                              
000006d9  main                           
20000214  main_func_sp                   
00000795  memcpy                         
00000839  memset                         
20000228  ui8PinData                     


GLOBAL SYMBOLS: SORTED BY Symbol Address 

address   name                           
-------   ----                           
00000000  __TI_static_base__             
00000000  g_pfnVectors                   
00000200  __STACK_SIZE                   
0000026d  __aeabi_ddiv                   
000003a3  GPIOPadConfigSet               
000004d5  SysCtlClockGet                 
000005e5  SysCtlClockSet                 
000006d9  main                           
00000795  __aeabi_memcpy                 
00000795  __aeabi_memcpy4                
00000795  __aeabi_memcpy8                
00000795  memcpy                         
00000831  __aeabi_memclr                 
00000831  __aeabi_memclr4                
00000831  __aeabi_memclr8                
00000833  __aeabi_memset                 
00000833  __aeabi_memset4                
00000833  __aeabi_memset8                
00000839  memset                         
000008ab  __mpu_init                     
000008ad  __TI_auto_init                 
0000091d  __TI_decompress_lzss           
00000985  _c_int00                       
000009d9  C$$EXIT                        
000009dd  abort                          
000009e5  exit                           
00000a2d  copy_in                        
00000a79  __aeabi_d2uiz                  
00000abd  SysCtlPeripheralEnable         
00000af1  GPIODirModeSet                 
00000b1b  __aeabi_ui2d                   
00000b3b  GPIOPinTypeGPIOOutput          
00000b53  _system_post_cinit             
00000b55  _args_main                     
00000b6d  _register_unlock               
00000b73  _register_lock                 
00000b7b  _nop                           
00000b81  __TI_decompress_none           
00000b8f  __TI_zero_init                 
00000b9b  ResetISR                       
00000ba7  GPIOPinWrite                   
00000bad  SysCtlDelay                    
00000bb3  _system_pre_init               
00000c4c  __TI_Handler_Table_Base        
00000c58  __TI_Handler_Table_Limit       
00000c60  __TI_CINIT_Base                
00000c70  __TI_CINIT_Limit               
20000000  __stack                        
20000200  __STACK_END                    
20000200  __STACK_TOP                    
20000200  __TI_cleanup_ptr               
20000204  __TI_dtors_ptr                 
20000208  __TI_enable_exit_profile_output
2000020c  _lock                          
20000210  _unlock                        
20000214  main_func_sp                   
20000218  divisor                        
20000220  array                          
20000227  i                              
20000228  ui8PinData                     
ffffffff  __TI_pprof_out_hndl            
ffffffff  __TI_prof_data_size            
ffffffff  __TI_prof_data_start           
ffffffff  __binit__                      
ffffffff  __c_args__                     
ffffffff  binit                          
UNDEFED   SHT$$INIT_ARRAY$$Base          
UNDEFED   SHT$$INIT_ARRAY$$Limit         

[68 symbols]
